2026-08-25 14:13:59 pipeline.py[line:32] INFO                  MANUAL_SCAN_DT MANUAL_SCAN_LOCATION         LPC       XPID
0    2026-08-23 00:03:13.468735                MCS01  3880173170  123251559
1    2026-08-23 00:05:52.414054                MCS01   232833647  123251619
2    2026-08-23 00:06:38.197790                MCS01   232833754  123251803
3    2026-08-23 00:15:43.627650                MCS01   232834091  123252207
4    2026-08-23 00:19:09.932265                MCS01   232833447  123251461
...                         ...                  ...         ...        ...
1030 2026-08-23 23:40:38.415018                MCS03   618148692  123354960
1031 2026-08-23 23:40:56.913277                MCS03   618149136  123355206
1032 2026-08-23 23:42:46.343545                MCS03   618150020  123355891
1033 2026-08-23 23:44:33.825459                MCS03   618149986  123355860
1034 2026-08-23 23:45:43.879853                MCS03   618150075  123355892

[1035 rows x 4 columns]
2026-08-25 14:14:21 pipeline.py[line:32] INFO                 MANUAL_SCAN_DT MANUAL_SCAN_LOCATION         LPC       XPID
0   2026-08-24 00:03:15.899637                MCS01  3880133160  123356487
1   2026-08-24 00:12:45.183515                MCS04   999702509  123356847
2   2026-08-24 00:15:50.439305                MCS01   232874672  123356979
3   2026-08-24 00:20:04.068682                MCS01   232874249  123356635
4   2026-08-24 00:20:17.659305                MCS01   232874335  123356782
..                         ...                  ...         ...        ...
960 2026-08-24 23:41:23.696504                MCS04   176739296  123462947
961 2026-08-24 23:41:49.651594                MCS04   618206285  123462464
962 2026-08-24 23:42:08.166601                MCS04   618206383  123462520
963 2026-08-24 23:43:10.100803                MCS02  3880496812  123462861
964 2026-08-24 23:43:49.635868                MCS04   618206650  123462615

[965 rows x 4 columns]
